Parallel mksquashfs: Using 16 processors
Creating 4.0 filesystem on /home/lain/kernel/out/bzmodules-7.1.1-Unraid, block size 1048576.
[=============================================================/] 1284/1284 100%

Exportable Squashfs 4.0 filesystem, xz compressed, data block size 1048576
	compressed data, compressed metadata, compressed fragments,
	compressed xattrs, compressed ids
	duplicates are removed
Filesystem size 36923.60 Kbytes (36.06 Mbytes)
	93.94% of uncompressed filesystem size (39307.59 Kbytes)
Inode table size 12050 bytes (11.77 Kbytes)
	23.63% of uncompressed inode table size (50989 bytes)
Directory table size 15106 bytes (14.75 Kbytes)
	39.74% of uncompressed directory table size (38015 bytes)
Number of duplicate files found 0
Number of inodes 1590
Number of files 1209
Number of fragments 29
Number of symbolic links 1
Number of device nodes 0
Number of fifo nodes 0
Number of socket nodes 0
Number of directories 380
Number of hard-links 0
Number of ids (unique uids + gids) 1
Number of uids 1
	lain (1000)
Number of gids 1
	lain (1000)
